[INFO] Scanning for projects...
[INFO] Inspecting build with total of 22 modules
[INFO] Installing Central Publishing features
[INFO] ------------------------------------------------------------------------
[INFO] Reactor Build Order:
[INFO] 
[INFO] Telicent Smart Caches - Parent                                     [pom]
[INFO] Telicent Smart Caches - Configuration API                          [jar]
[INFO] Telicent Smart Caches - Observability Core API                     [jar]
[INFO] Telicent Smart Caches - Projectors - Core API                      [jar]
[INFO] Telicent Smart Caches - Event Sources                              [pom]
[INFO] Telicent Smart Caches - Event Sources - Core API                   [jar]
[INFO] Telicent Smart Caches - Projectors - Driver                        [jar]
[INFO] Telicent Smart Caches - Event Sources - Kafka                      [jar]
[INFO] Telicent Smart Caches - Event Sources - File                       [jar]
[INFO] Telicent Smart Caches - JWT Authentication                         [jar]
[INFO] Telicent Smart Caches - Distribution Lifecycle                     [jar]
[INFO] Telicent Smart Caches - Data Security Plugins - Parent             [pom]
[INFO] Telicent Smart Caches - Data Security Plugins - Plugin API         [jar]
[INFO] Telicent Smart Caches - JAX-RS Base Server                         [jar]
[INFO] Telicent Smart Caches - CLI                                        [pom]
[INFO] Telicent Smart Caches - CLI - Health Probe Server                  [jar]
[INFO] Telicent Smart Caches - Action Tracker                             [jar]
[INFO] Telicent Smart Caches - CLI - Core API                             [jar]
[INFO] Telicent Smart Caches - CLI - Debug Tools                          [jar]
[INFO] Telicent Smart Caches - Data Security Plugins - RDF ABAC Implementation [jar]
[INFO] Telicent Smart Caches - Data Security Plugins - RDF ABAC Registration [jar]
[INFO] Telicent Smart Caches - Core Benchmarks                            [jar]
[INFO] 
[INFO] ------------------< io.telicent.smart-caches:parent >-------------------
[INFO] Building Telicent Smart Caches - Parent 1.3.3-SNAPSHOT            [1/22]
[INFO]   from pom.xml
[INFO] --------------------------------[ pom ]---------------------------------
[INFO] 
[INFO] --- clean:3.2.0:clean (default-clean) @ parent ---
[INFO] Deleting /Users/paulgallagher/Code/smart-caches-core/target
[INFO] 
[INFO] --- enforcer:3.6.3:enforce (enforce-versions) @ parent ---
[INFO] Rule 0: org.apache.maven.enforcer.rules.version.RequireMavenVersion passed
[INFO] Rule 1: org.apache.maven.enforcer.rules.version.RequireJavaVersion passed
[INFO] 
[INFO] --- license:5.1.2:check (check-licenses) @ parent ---
[INFO] Checking licenses...
[WARNING] Unknown file extension: /Users/paulgallagher/Code/smart-caches-core/lombok.config
[WARNING] Unknown file extension: /Users/paulgallagher/Code/smart-caches-core/docs/data-security/label-ingest-flow.mmd
[WARNING] Unknown file extension: /Users/paulgallagher/Code/smart-caches-core/docs/data-security/label-data-access-flow.mmd
[INFO] License check: 10 file(s) checked (OK: 7, Missing: 0, Unknown: 3)
[WARNING] Unable to find a comment style definition for some files. You may want to add a custom mapping for the relevant file extensions.
[INFO] 
[INFO] --- lombok:1.18.20.0:delombok (default) @ parent ---
[WARNING] Skipping Delombok; no source to process.
[INFO] 
[INFO] --- buildnumber:3.3.0:create-metadata (default) @ parent ---
[INFO] 
[INFO] --- jar:3.5.1:test-jar (create-test-jar) @ parent ---
[INFO] Skipping packaging of the test-jar
[INFO] 
[INFO] >>> source:3.4.0:jar (attach-sources) > generate-sources @ parent >>>
[INFO] 
[INFO] --- enforcer:3.6.3:enforce (enforce-versions) @ parent ---
[INFO] 
[INFO] --- license:5.1.2:check (check-licenses) @ parent ---
[INFO] Checking licenses...
[WARNING] Unknown file extension: /Users/paulgallagher/Code/smart-caches-core/lombok.config
[WARNING] Unknown file extension: /Users/paulgallagher/Code/smart-caches-core/docs/data-security/label-data-access-flow.mmd
[WARNING] Unknown file extension: /Users/paulgallagher/Code/smart-caches-core/docs/data-security/label-ingest-flow.mmd
[INFO] License check: 10 file(s) checked (OK: 7, Missing: 0, Unknown: 3)
[WARNING] Unable to find a comment style definition for some files. You may want to add a custom mapping for the relevant file extensions.
[INFO] 
[INFO] --- lombok:1.18.20.0:delombok (default) @ parent ---
[WARNING] Skipping Delombok; no source to process.
[INFO] 
[INFO] <<< source:3.4.0:jar (attach-sources) < generate-sources @ parent <<<
[INFO] 
[INFO] 
[INFO] --- source:3.4.0:jar (attach-sources) @ parent ---
[INFO] 
[INFO] >>> source:3.4.0:test-jar (attach-test-sources) > generate-sources @ parent >>>
[INFO] 
[INFO] --- enforcer:3.6.3:enforce (enforce-versions) @ parent ---
[INFO] 
[INFO] --- license:5.1.2:check (check-licenses) @ parent ---
[INFO] Checking licenses...
[WARNING] Unknown file extension: /Users/paulgallagher/Code/smart-caches-core/lombok.config
[WARNING] Unknown file extension: /Users/paulgallagher/Code/smart-caches-core/docs/data-security/label-ingest-flow.mmd
[WARNING] Unknown file extension: /Users/paulgallagher/Code/smart-caches-core/docs/data-security/label-data-access-flow.mmd
[INFO] License check: 10 file(s) checked (OK: 7, Missing: 0, Unknown: 3)
[WARNING] Unable to find a comment style definition for some files. You may want to add a custom mapping for the relevant file extensions.
[INFO] 
[INFO] --- lombok:1.18.20.0:delombok (default) @ parent ---
[WARNING] Skipping Delombok; no source to process.
[INFO] 
[INFO] <<< source:3.4.0:test-jar (attach-test-sources) < generate-sources @ parent <<<
[INFO] 
[INFO] 
[INFO] --- source:3.4.0:test-jar (attach-test-sources) @ parent ---
[INFO] Skipping source per configuration.
[INFO] 
[INFO] --- javadoc:3.12.0:jar (default) @ parent ---
[INFO] Not executing Javadoc as the project is not a Java classpath-capable package
[INFO] 
[INFO] --- cyclonedx:2.9.3:makeAggregateBom (build-sbom-cyclonedx) @ parent ---
[INFO] CycloneDX: Resolving Aggregated Dependencies
